
> calcwiz-desktop@0.3.0 test:file-sizes
> node --test tools/validate-file-sizes.test.mjs && node tools/validate-file-sizes.mjs

▶ file-size ratchet validation
  ✔ accepts the committed repo state against the committed baseline (44.506867ms)
  ✔ accepts files at or under the default cap without a baseline entry (0.511949ms)
  ✔ rejects a file over the default cap with no baseline entry (0.44122ms)
  ✔ allows test files up to 1500 lines while retaining the production cap (1.226118ms)
  ✔ accepts a large file within its baseline cap and rejects it over the cap (0.752188ms)
  ✔ rejects stale baseline entries for deleted files (0.216486ms)
  ✔ ignores golden corpus and generated catalog files (1.24208ms)
  ✔ update lowers caps when files shrink and never raises them (0.646788ms)
  ✔ update removes entries for deleted files and files back under the default cap (0.533815ms)
  ✔ update removes a test baseline entry after it shrinks to the test-file cap (0.428671ms)
✔ file-size ratchet validation (51.371201ms)
ℹ tests 10
ℹ suites 1
ℹ pass 10
ℹ fail 0
ℹ cancelled 0
ℹ skipped 0
ℹ todo 0
ℹ duration_ms 87.99791
File sizes are within caps (2657 file(s), 5 baseline cap(s)).
